../../examples/autoscale/bigiq/azuredeploy.json:
- No Key Diff
- No Value Diff
../../examples/autoscale/payg/azuredeploy-existing-network.json:
- No Key Diff
- No Value Diff
../../examples/autoscale/payg/azuredeploy.json:
- No Key Diff
- No Value Diff
../../examples/failover/azuredeploy.json:
- No Key Diff
- No Value Diff
../../examples/modules/access/access.json:
- No Key Diff
- No Value Diff
../../examples/modules/access/sample_linked.json:
- No Key Diff
- No Value Diff
../../examples/modules/application/application.json:
- No Key Diff
- No Value Diff
../../examples/modules/application/sample_linked.json:
- No Key Diff
- No Value Diff
../../examples/modules/bastion/bastion.json:
- No Key Diff
- No Value Diff
../../examples/modules/bastion/sample_linked.json:
- No Key Diff
- No Value Diff
../../examples/modules/bigip-autoscale/bigip.json:
- No Key Diff
- No Value Diff
../../examples/modules/bigip-autoscale/sample_linked.json:
- No Key Diff
- No Value Diff
../../examples/modules/bigip-standalone/bigip.json:
- No Key Diff
- No Value Diff
../../examples/modules/bigip-standalone/sample_linked.json:
- No Key Diff
- No Value Diff
../../examples/modules/dag/dag.json:
- No Key Diff
- No Value Diff
../../examples/modules/dag/sample_linked.json:
- No Key Diff
- No Value Diff
../../examples/modules/function/function.json:
- No Key Diff
- No Value Diff
../../examples/modules/function/sample_linked.json:
- No Key Diff
- No Value Diff
../../examples/modules/network/network.json:
- No Key Diff
- No Value Diff
../../examples/modules/network/sample_linked.json:
- No Key Diff
- No Value Diff
../../examples/modules/telemetry/sample_linked.json:
- No Key Diff
- No Value Diff
../../examples/modules/telemetry/telemetry.json:
- No Key Diff
- No Value Diff
../../examples/quickstart/azuredeploy.json:
- No Key Diff
- No Value Diff
